TONY_LY_OTHER93
TONY_LY_OTHER215
TONY_LY_OTHER264
TONY_LY_OTHER269
TONY_LY_OTHER72
TONY_LY_OTHER61
TONY_LY_OTHER101
TONY_LY_OTHER148
TONY_LY_OTHER190
TONY_LY_OTHER70
TONY_LY_OTHER129
TONY_LY_OTHER186
TONY_LY_OTHER216
TONY_LY_OTHER263
TONY_LY_OTHER258
TONY_LY_OTHER28
TONY_LY_OTHER108
TONY_LY_OTHER15
TONY_LY_OTHER212
TONY_LY_OTHER163
TONY_LY_OTHER117
TONY_LY_OTHER189
TONY_LY_OTHER116
TONY_LY_OTHER257
TONY_LY_OTHER177
TONY_LY_OTHER204
TONY_LY_OTHER250
TONY_LY_OTHER270
TONY_LY_OTHER161
TONY_LY_OTHER59
TONY_LY_OTHER203
TONY_LY_OTHER88
TONY_LY_OTHER260
TONY_LY_OTHER19
TONY_LY_OTHER277
TONY_LY_OTHER217
TONY_LY_OTHER244
TONY_LY_OTHER75
TONY_LY_OTHER178
TONY_LY_OTHER16
TONY_LY_OTHER66
TONY_LY_OTHER67
TONY_LY_OTHER242
TONY_LY_OTHER140
TONY_LY_OTHER213
TONY_LY_OTHER121
TONY_LY_OTHER8
TONY_LY_OTHER168
TONY_LY_OTHER123
TONY_LY_OTHER85
TONY_LY_OTHER239
TONY_LY_OTHER175
TONY_LY_OTHER125
TONY_LY_OTHER22
TONY_LY_OTHER146
TONY_LY_OTHER111
TONY_LY_OTHER253
TONY_LY_OTHER71
TONY_LY_OTHER45
TONY_LY_OTHER58
TONY_LY_OTHER29
TONY_LY_OTHER122
TONY_LY_OTHER233
TONY_LY_OTHER25
TONY_LY_OTHER201
TONY_LY_OTHER118
TONY_LY_OTHER23
TONY_LY_OTHER246
TONY_LY_OTHER109
TONY_LY_OTHER276
TONY_LY_OTHER124
TONY_LY_OTHER271
TONY_LY_OTHER37
TONY_LY_OTHER251
TONY_LY_OTHER134
TONY_LY_OTHER205
TONY_LY_OTHER30
TONY_LY_OTHER131
TONY_LY_OTHER98
TONY_LY_OTHER236
TONY_LY_OTHER243
TONY_LY_OTHER99
TONY_LY_OTHER274
TONY_LY_OTHER219
TONY_LY_OTHER223
TONY_LY_OTHER57
TONY_LY_OTHER259
TONY_LY_OTHER184
TONY_LY_OTHER147
TONY_LY_OTHER278
TONY_LY_OTHER73
TONY_LY_OTHER105
TONY_LY_OTHER222
TONY_LY_OTHER218
TONY_LY_OTHER102
TONY_LY_OTHER137
TONY_LY_OTHER214
TONY_LY_OTHER100
TONY_LY_OTHER13
TONY_LY_OTHER262
TONY_LY_OTHER120
TONY_LY_OTHER89
TONY_LY_OTHER34
TONY_LY_OTHER202
TONY_LY_OTHER185
TONY_LY_OTHER60
TONY_LY_OTHER280
TONY_LY_OTHER173
TONY_LY_OTHER206
TONY_LY_OTHER138
TONY_LY_OTHER220
TONY_LY_OTHER265
TONY_LY_OTHER18
TONY_LY_OTHER74
TONY_LY_OTHER87
TONY_LY_OTHER252
TONY_LY_OTHER41
TONY_LY_OTHER106
TONY_LY_OTHER110
TONY_LY_OTHER11
TONY_LY_OTHER43
TONY_LY_OTHER14
TONY_LY_OTHER50
TONY_LY_OTHER176
TONY_LY_OTHER227
TONY_LY_OTHER158
TONY_LY_OTHER192
TONY_LY_OTHER97
TONY_LY_OTHER150
TONY_LY_OTHER247
TONY_LY_OTHER193
TONY_LY_OTHER267
TONY_LY_OTHER174
TONY_LY_OTHER31
TONY_LY_OTHER179
TONY_LY_OTHER24
TONY_LY_OTHER279
TONY_LY_OTHER275
TONY_LY_OTHER51
TONY_LY_OTHER26
TONY_LY_OTHER183
TONY_LY_OTHER9
TONY_LY_OTHER230
TONY_LY_OTHER207
TONY_LY_OTHER53
TONY_LY_OTHER128
TONY_LY_OTHER113
TONY_LY_OTHER42
TONY_LY_OTHER6
TONY_LY_OTHER210
TONY_LY_OTHER241
TONY_LY_OTHER90
TONY_LY_OTHER112
TONY_LY_OTHER47
TONY_LY_OTHER107
TONY_LY_OTHER254
TONY_LY_OTHER224
TONY_LY_OTHER52
TONY_LY_OTHER135
TONY_LY_OTHER79
TONY_LY_OTHER69
TONY_LY_OTHER166
TONY_LY_OTHER200
TONY_LY_OTHER104
TONY_LY_OTHER82
TONY_LY_OTHER248
TONY_LY_OTHER139
TONY_LY_OTHER54
TONY_LY_OTHER133
TONY_LY_OTHER249
TONY_LY_OTHER234
TONY_LY_OTHER35
TONY_LY_OTHER142
TONY_LY_OTHER86
TONY_LY_OTHER196
TONY_LY_OTHER46
TONY_LY_OTHER38
TONY_LY_OTHER199
TONY_LY_OTHER238
TONY_LY_OTHER266
TONY_LY_OTHER154
TONY_LY_OTHER7
TONY_LY_OTHER245
TONY_LY_OTHER180
TONY_LY_OTHER130
TONY_LY_OTHER76
TONY_LY_OTHER27
TONY_LY_OTHER92
TONY_LY_OTHER132
TONY_LY_OTHER170
TONY_LY_OTHER188
TONY_LY_OTHER48
TONY_LY_OTHER211
TONY_LY_OTHER149
TONY_LY_OTHER115
TONY_LY_OTHER225
TONY_LY_OTHER143
TONY_LY_OTHER272
TONY_LY_OTHER3
TONY_LY_OTHER172
TONY_LY_OTHER17
TONY_LY_OTHER226
TONY_LY_OTHER5
TONY_LY_OTHER197
TONY_LY_OTHER62
TONY_LY_OTHER114
TONY_LY_OTHER232
TONY_LY_OTHER95
TONY_LY_OTHER56
TONY_LY_OTHER144
TONY_LY_OTHER160
TONY_LY_OTHER32
TONY_LY_OTHER231
TONY_LY_OTHER228
TONY_LY_OTHER195
TONY_LY_OTHER235
TONY_LY_OTHER126
TONY_LY_OTHER96
TONY_LY_OTHER141
TONY_LY_OTHER64
TONY_LY_OTHER77
TONY_LY_OTHER171
TONY_LY_OTHER155
TONY_LY_OTHER83
TONY_LY_OTHER21
TONY_LY_OTHER221
TONY_LY_OTHER255
TONY_LY_OTHER167
TONY_LY_OTHER1
TONY_LY_OTHER268
TONY_LY_OTHER2
TONY_LY_OTHER78
TONY_LY_OTHER198
TONY_LY_OTHER40
TONY_LY_OTHER191
TONY_LY_OTHER81
TONY_LY_OTHER240
TONY_LY_OTHER55
TONY_LY_OTHER91
TONY_LY_OTHER119
TONY_LY_OTHER33
TONY_LY_OTHER94
TONY_LY_OTHER63
TONY_LY_OTHER237
TONY_LY_OTHER36
TONY_LY_OTHER103
TONY_LY_OTHER256
TONY_LY_OTHER20
TONY_LY_OTHER136
TONY_LY_OTHER44
TONY_LY_OTHER273
TONY_LY_OTHER157
TONY_LY_OTHER152
TONY_LY_OTHER49
TONY_LY_OTHER182
TONY_LY_OTHER156
TONY_LY_OTHER187
TONY_LY_OTHER39
TONY_LY_OTHER162
TONY_LY_OTHER68
TONY_LY_OTHER194
TONY_LY_OTHER159
TONY_LY_OTHER84
TONY_LY_OTHER169
TONY_LY_OTHER80
TONY_LY_OTHER12
TONY_LY_OTHER181
TONY_LY_OTHER209
TONY_LY_OTHER65
TONY_LY_OTHER10
TONY_LY_OTHER4
TONY_LY_OTHER229
TONY_LY_OTHER151
TONY_LY_OTHER208
TONY_LY_OTHER145
TONY_LY_OTHER127
TONY_LY_OTHER164
TONY_LY_OTHER165
TONY_LY_OTHER153
TONY_LY_OTHER261
