TONY_LY_OTHER184
GABIN_OTHER275
TONY_LY_OTHER12
GABIN_OTHER87
YAGO_OTHER70
YAGO_OTHER84
GABIN_OTHER2
GABIN_OTHER15
MATHUSAN_OTHER61
YAGO_OTHER155
TONY_LY_OTHER73
MATHUSAN_OTHER89
GABIN_OTHER163
GABIN_OTHER138
MATHUSAN_OTHER204
YAGO_OTHER10
YAGO_OTHER106
YAGO_OTHER256
TONY_LY_OTHER102
YANIS_OTHER81
YAGO_OTHER154
YANIS_OTHER54
YANIS_OTHER63
MATHUSAN_OTHER238
TONY_LY_OTHER58
GABIN_OTHER158
GABIN_OTHER98
GABIN_OTHER176
MATHUSAN_OTHER190
YAGO_OTHER276
MATHUSAN_OTHER189
MATHUSAN_OTHER122
GABIN_OTHER63
TONY_LY_OTHER199
TONY_LY_OTHER88
GABIN_OTHER201
GABIN_OTHER95
GABIN_OTHER274
GABIN_OTHER242
YANIS_OTHER62
YAGO_OTHER7
YAGO_OTHER203
TONY_LY_OTHER197
TONY_LY_OTHER67
GABIN_OTHER7
GABIN_OTHER235
TONY_LY_OTHER29
YAGO_OTHER9
YAGO_OTHER35
YANIS_OTHER131
YAGO_OTHER274
MATHUSAN_OTHER6
YAGO_OTHER119
GABIN_OTHER96
TONY_LY_OTHER149
YAGO_OTHER6
YANIS_OTHER34
GABIN_OTHER217
MATHUSAN_OTHER174
TONY_LY_OTHER13
GABIN_OTHER182
YANIS_OTHER133
MATHUSAN_OTHER179
YAGO_OTHER271
YANIS_OTHER204
TONY_LY_OTHER138
GABIN_OTHER29
MATHUSAN_OTHER267
YAGO_OTHER235
YANIS_OTHER122
YAGO_OTHER169
MATHUSAN_OTHER217
YANIS_OTHER92
GABIN_OTHER191
TONY_LY_OTHER231
TONY_LY_OTHER125
TONY_LY_OTHER148
TONY_LY_OTHER134
TONY_LY_OTHER159
YAGO_OTHER294
YANIS_OTHER150
YAGO_OTHER177
MATHUSAN_OTHER172
GABIN_OTHER28
TONY_LY_OTHER253
MATHUSAN_OTHER237
TONY_LY_OTHER206
GABIN_OTHER153
MATHUSAN_OTHER249
GABIN_OTHER135
YAGO_OTHER105
MATHUSAN_OTHER112
TONY_LY_OTHER49
YAGO_OTHER87
MATHUSAN_OTHER32
YANIS_OTHER58
MATHUSAN_OTHER162
YANIS_OTHER130
YANIS_OTHER143
TONY_LY_OTHER262
YAGO_OTHER100
YANIS_OTHER215
YANIS_OTHER112
MATHUSAN_OTHER104
MATHUSAN_OTHER13
TONY_LY_OTHER190
MATHUSAN_OTHER227
YANIS_OTHER36
MATHUSAN_OTHER8
MATHUSAN_OTHER1
MATHUSAN_OTHER142
GABIN_OTHER49
YAGO_OTHER272
YAGO_OTHER206
GABIN_OTHER152
TONY_LY_OTHER188
GABIN_OTHER83
GABIN_OTHER47
YAGO_OTHER292
YAGO_OTHER140
YANIS_OTHER124
GABIN_OTHER212
GABIN_OTHER66
GABIN_OTHER248
GABIN_OTHER293
TONY_LY_OTHER6
TONY_LY_OTHER127
YAGO_OTHER30
YANIS_OTHER79
TONY_LY_OTHER270
TONY_LY_OTHER45
MATHUSAN_OTHER105
MATHUSAN_OTHER170
TONY_LY_OTHER111
GABIN_OTHER228
MATHUSAN_OTHER79
YANIS_OTHER105
TONY_LY_OTHER242
GABIN_OTHER220
GABIN_OTHER225
TONY_LY_OTHER251
GABIN_OTHER146
MATHUSAN_OTHER183
TONY_LY_OTHER209
TONY_LY_OTHER173
TONY_LY_OTHER114
TONY_LY_OTHER153
TONY_LY_OTHER166
GABIN_OTHER298
GABIN_OTHER273
YANIS_OTHER137
YAGO_OTHER210
YAGO_OTHER74
MATHUSAN_OTHER10
YANIS_OTHER87
TONY_LY_OTHER131
YAGO_OTHER246
YAGO_OTHER15
YAGO_OTHER32
MATHUSAN_OTHER257
YAGO_OTHER89
MATHUSAN_OTHER19
MATHUSAN_OTHER255
GABIN_OTHER8
TONY_LY_OTHER133
GABIN_OTHER99
MATHUSAN_OTHER149
YAGO_OTHER43
MATHUSAN_OTHER116
TONY_LY_OTHER267
MATHUSAN_OTHER230
YANIS_OTHER28
GABIN_OTHER156
YAGO_OTHER248
TONY_LY_OTHER139
MATHUSAN_OTHER182
GABIN_OTHER150
GABIN_OTHER56
GABIN_OTHER173
YAGO_OTHER204
YAGO_OTHER41
YANIS_OTHER71
GABIN_OTHER33
GABIN_OTHER263
GABIN_OTHER91
YANIS_OTHER47
YAGO_OTHER33
MATHUSAN_OTHER88
MATHUSAN_OTHER195
YAGO_OTHER48
MATHUSAN_OTHER144
GABIN_OTHER114
TONY_LY_OTHER241
YANIS_OTHER7
YAGO_OTHER231
YANIS_OTHER1
YANIS_OTHER82
GABIN_OTHER205
YANIS_OTHER140
TONY_LY_OTHER64
GABIN_OTHER221
YAGO_OTHER45
YAGO_OTHER238
MATHUSAN_OTHER180
GABIN_OTHER80
YANIS_OTHER65
MATHUSAN_OTHER245
YANIS_OTHER12
YAGO_OTHER257
MATHUSAN_OTHER177
GABIN_OTHER134
TONY_LY_OTHER24
TONY_LY_OTHER78
MATHUSAN_OTHER233
YANIS_OTHER75
GABIN_OTHER112
TONY_LY_OTHER142
MATHUSAN_OTHER178
TONY_LY_OTHER130
YANIS_OTHER104
YANIS_OTHER110
GABIN_OTHER3
MATHUSAN_OTHER135
YAGO_OTHER59
MATHUSAN_OTHER123
TONY_LY_OTHER152
TONY_LY_OTHER30
GABIN_OTHER171
GABIN_OTHER14
MATHUSAN_OTHER117
YAGO_OTHER38
YANIS_OTHER98
MATHUSAN_OTHER14
TONY_LY_OTHER19
MATHUSAN_OTHER33
YAGO_OTHER291
GABIN_OTHER81
TONY_LY_OTHER258
MATHUSAN_OTHER263
YANIS_OTHER169
TONY_LY_OTHER42
YANIS_OTHER167
YAGO_OTHER53
GABIN_OTHER106
YAGO_OTHER267
YANIS_OTHER76
MATHUSAN_OTHER85
GABIN_OTHER277
MATHUSAN_OTHER220
MATHUSAN_OTHER143
TONY_LY_OTHER100
MATHUSAN_OTHER97
MATHUSAN_OTHER134
MATHUSAN_OTHER4
YAGO_OTHER26
GABIN_OTHER69
MATHUSAN_OTHER154
YANIS_OTHER171
YAGO_OTHER278
MATHUSAN_OTHER63
TONY_LY_OTHER278
GABIN_OTHER55
GABIN_OTHER227
YANIS_OTHER6
YAGO_OTHER262
GABIN_OTHER45
GABIN_OTHER289
YAGO_OTHER47
YAGO_OTHER131
YANIS_OTHER30
TONY_LY_OTHER164
GABIN_OTHER285
YAGO_OTHER77
YANIS_OTHER18
YANIS_OTHER114
YANIS_OTHER70
GABIN_OTHER34
TONY_LY_OTHER216
MATHUSAN_OTHER147
GABIN_OTHER166
TONY_LY_OTHER32
TONY_LY_OTHER155
GABIN_OTHER88
GABIN_OTHER177
TONY_LY_OTHER198
MATHUSAN_OTHER111
TONY_LY_OTHER46
MATHUSAN_OTHER81
TONY_LY_OTHER124
YANIS_OTHER17
YAGO_OTHER174
YAGO_OTHER75
TONY_LY_OTHER201
YAGO_OTHER21
GABIN_OTHER214
GABIN_OTHER222
GABIN_OTHER12
MATHUSAN_OTHER251
YAGO_OTHER179
YANIS_OTHER42
TONY_LY_OTHER146
GABIN_OTHER85
GABIN_OTHER61
YANIS_OTHER185
TONY_LY_OTHER271
GABIN_OTHER62
MATHUSAN_OTHER120
MATHUSAN_OTHER96
YANIS_OTHER184
YANIS_OTHER125
MATHUSAN_OTHER119
MATHUSAN_OTHER133
YANIS_OTHER207
GABIN_OTHER185
MATHUSAN_OTHER214
MATHUSAN_OTHER29
YAGO_OTHER205
YAGO_OTHER221
YANIS_OTHER128
TONY_LY_OTHER112
YANIS_OTHER142
YAGO_OTHER113
TONY_LY_OTHER168
YANIS_OTHER53
TONY_LY_OTHER183
YAGO_OTHER247
YAGO_OTHER85
MATHUSAN_OTHER164
TONY_LY_OTHER98
YAGO_OTHER220
GABIN_OTHER255
YAGO_OTHER183
TONY_LY_OTHER154
TONY_LY_OTHER171
TONY_LY_OTHER162
GABIN_OTHER188
GABIN_OTHER27
GABIN_OTHER280
YAGO_OTHER207
YANIS_OTHER141
MATHUSAN_OTHER102
YAGO_OTHER66
YANIS_OTHER195
YANIS_OTHER45
MATHUSAN_OTHER256
MATHUSAN_OTHER165
YAGO_OTHER55
MATHUSAN_OTHER156
YANIS_OTHER194
TONY_LY_OTHER85
GABIN_OTHER295
YANIS_OTHER152
YAGO_OTHER181
YANIS_OTHER24
YAGO_OTHER23
MATHUSAN_OTHER146
TONY_LY_OTHER27
YANIS_OTHER74
TONY_LY_OTHER93
YAGO_OTHER215
YANIS_OTHER138
YANIS_OTHER158
MATHUSAN_OTHER208
GABIN_OTHER10
YAGO_OTHER197
YAGO_OTHER285
YAGO_OTHER102
YAGO_OTHER263
YAGO_OTHER222
GABIN_OTHER148
MATHUSAN_OTHER100
TONY_LY_OTHER248
GABIN_OTHER154
YANIS_OTHER113
GABIN_OTHER272
GABIN_OTHER86
YAGO_OTHER233
MATHUSAN_OTHER75
YAGO_OTHER111
TONY_LY_OTHER240
GABIN_OTHER197
GABIN_OTHER141
YAGO_OTHER126
YANIS_OTHER189
GABIN_OTHER244
YAGO_OTHER134
MATHUSAN_OTHER95
TONY_LY_OTHER247
GABIN_OTHER189
TONY_LY_OTHER60
YAGO_OTHER82
GABIN_OTHER169
YAGO_OTHER232
YAGO_OTHER242
YAGO_OTHER99
MATHUSAN_OTHER113
YAGO_OTHER28
GABIN_OTHER38
GABIN_OTHER145
GABIN_OTHER105
YANIS_OTHER49
MATHUSAN_OTHER213
MATHUSAN_OTHER202
YANIS_OTHER13
YANIS_OTHER83
TONY_LY_OTHER33
GABIN_OTHER253
MATHUSAN_OTHER65
MATHUSAN_OTHER196
YANIS_OTHER166
GABIN_OTHER120
YANIS_OTHER68
MATHUSAN_OTHER30
YAGO_OTHER95
YANIS_OTHER136
TONY_LY_OTHER83
YANIS_OTHER180
YAGO_OTHER129
GABIN_OTHER43
GABIN_OTHER268
YAGO_OTHER180
TONY_LY_OTHER257
MATHUSAN_OTHER270
YAGO_OTHER187
YAGO_OTHER52
TONY_LY_OTHER28
GABIN_OTHER51
TONY_LY_OTHER61
TONY_LY_OTHER202
YANIS_OTHER14
TONY_LY_OTHER122
TONY_LY_OTHER105
YANIS_OTHER149
YAGO_OTHER1
YANIS_OTHER155
TONY_LY_OTHER44
GABIN_OTHER278
YAGO_OTHER2
GABIN_OTHER142
YANIS_OTHER120
TONY_LY_OTHER5
TONY_LY_OTHER187
GABIN_OTHER144
TONY_LY_OTHER255
MATHUSAN_OTHER223
YANIS_OTHER11
YANIS_OTHER210
GABIN_OTHER164
YANIS_OTHER85
YANIS_OTHER41
TONY_LY_OTHER219
GABIN_OTHER237
YANIS_OTHER35
YAGO_OTHER156
MATHUSAN_OTHER219
MATHUSAN_OTHER265
YAGO_OTHER139
TONY_LY_OTHER3
GABIN_OTHER160
GABIN_OTHER284
YAGO_OTHER214
MATHUSAN_OTHER236
MATHUSAN_OTHER157
YANIS_OTHER148
YAGO_OTHER223
GABIN_OTHER84
YANIS_OTHER213
MATHUSAN_OTHER132
MATHUSAN_OTHER191
TONY_LY_OTHER57
YANIS_OTHER43
YAGO_OTHER127
TONY_LY_OTHER51
MATHUSAN_OTHER84
YAGO_OTHER158
YAGO_OTHER18
TONY_LY_OTHER116
MATHUSAN_OTHER197
YAGO_OTHER259
YAGO_OTHER288
GABIN_OTHER283
GABIN_OTHER92
YAGO_OTHER86
YAGO_OTHER243
YANIS_OTHER78
YAGO_OTHER286
YAGO_OTHER280
YANIS_OTHER67
TONY_LY_OTHER157
TONY_LY_OTHER229
YAGO_OTHER46
TONY_LY_OTHER77
YAGO_OTHER60
YANIS_OTHER173
TONY_LY_OTHER129
TONY_LY_OTHER264
TONY_LY_OTHER1
TONY_LY_OTHER259
GABIN_OTHER265
GABIN_OTHER32
MATHUSAN_OTHER150
TONY_LY_OTHER109
TONY_LY_OTHER268
TONY_LY_OTHER40
YAGO_OTHER54
YAGO_OTHER176
TONY_LY_OTHER182
TONY_LY_OTHER99
YANIS_OTHER106
GABIN_OTHER36
YANIS_OTHER4
TONY_LY_OTHER43
YANIS_OTHER197
GABIN_OTHER57
TONY_LY_OTHER254
TONY_LY_OTHER89
YANIS_OTHER61
YAGO_OTHER68
GABIN_OTHER149
MATHUSAN_OTHER225
MATHUSAN_OTHER194
YAGO_OTHER229
YANIS_OTHER190
GABIN_OTHER132
YAGO_OTHER234
YAGO_OTHER299
TONY_LY_OTHER39
MATHUSAN_OTHER248
YAGO_OTHER118
TONY_LY_OTHER62
YAGO_OTHER264
TONY_LY_OTHER2
YANIS_OTHER102
TONY_LY_OTHER135
TONY_LY_OTHER203
GABIN_OTHER151
MATHUSAN_OTHER181
TONY_LY_OTHER120
MATHUSAN_OTHER212
MATHUSAN_OTHER231
YANIS_OTHER178
MATHUSAN_OTHER64
GABIN_OTHER172
GABIN_OTHER250
TONY_LY_OTHER82
YANIS_OTHER123
YANIS_OTHER160
GABIN_OTHER19
TONY_LY_OTHER223
GABIN_OTHER59
YANIS_OTHER179
MATHUSAN_OTHER99
TONY_LY_OTHER141
MATHUSAN_OTHER268
GABIN_OTHER21
GABIN_OTHER223
GABIN_OTHER89
YAGO_OTHER188
YAGO_OTHER141
YAGO_OTHER51
GABIN_OTHER287
GABIN_OTHER122
MATHUSAN_OTHER215
YANIS_OTHER206
GABIN_OTHER46
YANIS_OTHER147
GABIN_OTHER73
GABIN_OTHER22
MATHUSAN_OTHER243
YAGO_OTHER239
TONY_LY_OTHER22
GABIN_OTHER13
MATHUSAN_OTHER188
YAGO_OTHER254
MATHUSAN_OTHER221
TONY_LY_OTHER178
GABIN_OTHER16
YAGO_OTHER39
TONY_LY_OTHER15
TONY_LY_OTHER275
YAGO_OTHER236
YANIS_OTHER164
GABIN_OTHER4
YAGO_OTHER124
GABIN_OTHER294
GABIN_OTHER175
MATHUSAN_OTHER199
MATHUSAN_OTHER151
YAGO_OTHER270
YANIS_OTHER168
YAGO_OTHER251
YAGO_OTHER93
YANIS_OTHER201
MATHUSAN_OTHER11
YAGO_OTHER37
MATHUSAN_OTHER28
YAGO_OTHER69
YANIS_OTHER144
YAGO_OTHER117
YAGO_OTHER219
YANIS_OTHER135
TONY_LY_OTHER234
TONY_LY_OTHER4
MATHUSAN_OTHER175
YAGO_OTHER165
TONY_LY_OTHER217
GABIN_OTHER124
TONY_LY_OTHER118
YAGO_OTHER4
TONY_LY_OTHER65
YANIS_OTHER145
TONY_LY_OTHER228
YAGO_OTHER137
YANIS_OTHER91
GABIN_OTHER245
GABIN_OTHER219
TONY_LY_OTHER276
YANIS_OTHER52
TONY_LY_OTHER180
GABIN_OTHER226
YAGO_OTHER24
TONY_LY_OTHER50
YANIS_OTHER196
TONY_LY_OTHER239
MATHUSAN_OTHER173
MATHUSAN_OTHER139
MATHUSAN_OTHER200
TONY_LY_OTHER7
TONY_LY_OTHER269
MATHUSAN_OTHER118
YAGO_OTHER67
TONY_LY_OTHER233
MATHUSAN_OTHER124
YAGO_OTHER178
YAGO_OTHER73
MATHUSAN_OTHER242
MATHUSAN_OTHER125
YAGO_OTHER252
YANIS_OTHER101
GABIN_OTHER252
YAGO_OTHER266
YAGO_OTHER121
GABIN_OTHER192
TONY_LY_OTHER31
GABIN_OTHER107
MATHUSAN_OTHER185
GABIN_OTHER111
TONY_LY_OTHER123
TONY_LY_OTHER143
YANIS_OTHER10
GABIN_OTHER196
TONY_LY_OTHER66
YAGO_OTHER244
YAGO_OTHER237
YANIS_OTHER121
MATHUSAN_OTHER207
GABIN_OTHER30
MATHUSAN_OTHER103
TONY_LY_OTHER56
GABIN_OTHER67
YANIS_OTHER69
GABIN_OTHER126
GABIN_OTHER231
YANIS_OTHER192
YANIS_OTHER89
YANIS_OTHER97
YANIS_OTHER151
MATHUSAN_OTHER148
YAGO_OTHER168
MATHUSAN_OTHER60
YANIS_OTHER19
YANIS_OTHER25
MATHUSAN_OTHER35
YAGO_OTHER130
YAGO_OTHER78
TONY_LY_OTHER90
YAGO_OTHER72
YAGO_OTHER16
YAGO_OTHER56
MATHUSAN_OTHER253
TONY_LY_OTHER140
TONY_LY_OTHER87
YAGO_OTHER19
TONY_LY_OTHER17
YAGO_OTHER193
GABIN_OTHER260
GABIN_OTHER200
MATHUSAN_OTHER252
GABIN_OTHER31
TONY_LY_OTHER107
YAGO_OTHER132
YAGO_OTHER143
YANIS_OTHER107
MATHUSAN_OTHER2
YAGO_OTHER298
GABIN_OTHER180
YANIS_OTHER183
GABIN_OTHER183
TONY_LY_OTHER106
YAGO_OTHER227
GABIN_OTHER229
TONY_LY_OTHER108
GABIN_OTHER90
YAGO_OTHER284
TONY_LY_OTHER117
MATHUSAN_OTHER130
YANIS_OTHER205
TONY_LY_OTHER175
MATHUSAN_OTHER198
GABIN_OTHER204
YANIS_OTHER40
YANIS_OTHER57
YANIS_OTHER175
YANIS_OTHER117
YAGO_OTHER190
MATHUSAN_OTHER110
GABIN_OTHER178
YAGO_OTHER275
TONY_LY_OTHER37
TONY_LY_OTHER204
YAGO_OTHER36
GABIN_OTHER259
MATHUSAN_OTHER16
MATHUSAN_OTHER71
MATHUSAN_OTHER87
TONY_LY_OTHER263
TONY_LY_OTHER165
YAGO_OTHER125
MATHUSAN_OTHER224
MATHUSAN_OTHER211
YANIS_OTHER156
GABIN_OTHER79
TONY_LY_OTHER177
MATHUSAN_OTHER31
GABIN_OTHER139
GABIN_OTHER269
YAGO_OTHER163
GABIN_OTHER208
YAGO_OTHER175
YAGO_OTHER283
TONY_LY_OTHER236
MATHUSAN_OTHER18
YAGO_OTHER253
GABIN_OTHER102
YAGO_OTHER216
YANIS_OTHER48
YANIS_OTHER84
TONY_LY_OTHER243
GABIN_OTHER247
GABIN_OTHER44
YANIS_OTHER96
TONY_LY_OTHER97
YAGO_OTHER279
MATHUSAN_OTHER74
YANIS_OTHER59
MATHUSAN_OTHER186
MATHUSAN_OTHER145
YANIS_OTHER22
YAGO_OTHER108
TONY_LY_OTHER160
TONY_LY_OTHER18
MATHUSAN_OTHER262
MATHUSAN_OTHER136
TONY_LY_OTHER34
MATHUSAN_OTHER25
GABIN_OTHER199
GABIN_OTHER23
GABIN_OTHER165
GABIN_OTHER65
GABIN_OTHER299
GABIN_OTHER281
MATHUSAN_OTHER176
YAGO_OTHER63
YAGO_OTHER258
TONY_LY_OTHER21
YANIS_OTHER15
GABIN_OTHER232
YAGO_OTHER65
GABIN_OTHER174
TONY_LY_OTHER179
YANIS_OTHER8
MATHUSAN_OTHER7
YANIS_OTHER111
TONY_LY_OTHER72
YAGO_OTHER182
TONY_LY_OTHER158
TONY_LY_OTHER59
YAGO_OTHER189
YAGO_OTHER192
YAGO_OTHER191
MATHUSAN_OTHER126
YAGO_OTHER150
MATHUSAN_OTHER128
TONY_LY_OTHER113
MATHUSAN_OTHER17
YAGO_OTHER138
MATHUSAN_OTHER209
MATHUSAN_OTHER80
GABIN_OTHER71
YAGO_OTHER103
YANIS_OTHER139
GABIN_OTHER170
YANIS_OTHER100
YANIS_OTHER66
MATHUSAN_OTHER108
YANIS_OTHER27
GABIN_OTHER42
YAGO_OTHER142
MATHUSAN_OTHER86
GABIN_OTHER41
MATHUSAN_OTHER115
TONY_LY_OTHER214
MATHUSAN_OTHER152
MATHUSAN_OTHER66
MATHUSAN_OTHER246
YAGO_OTHER185
MATHUSAN_OTHER250
YANIS_OTHER103
MATHUSAN_OTHER203
YAGO_OTHER208
YANIS_OTHER202
TONY_LY_OTHER265
MATHUSAN_OTHER229
MATHUSAN_OTHER184
YAGO_OTHER186
GABIN_OTHER155
YANIS_OTHER88
TONY_LY_OTHER211
TONY_LY_OTHER280
YANIS_OTHER186
YAGO_OTHER94
YANIS_OTHER181
YANIS_OTHER154
YAGO_OTHER88
MATHUSAN_OTHER20
MATHUSAN_OTHER121
GABIN_OTHER251
GABIN_OTHER100
GABIN_OTHER131
YAGO_OTHER122
GABIN_OTHER157
GABIN_OTHER236
YANIS_OTHER90
TONY_LY_OTHER176
TONY_LY_OTHER266
TONY_LY_OTHER47
GABIN_OTHER121
MATHUSAN_OTHER258
TONY_LY_OTHER96
TONY_LY_OTHER193
GABIN_OTHER82
TONY_LY_OTHER75
YANIS_OTHER86
GABIN_OTHER109
YAGO_OTHER209
TONY_LY_OTHER20
TONY_LY_OTHER81
YAGO_OTHER5
YANIS_OTHER93
YAGO_OTHER287
TONY_LY_OTHER191
GABIN_OTHER233
TONY_LY_OTHER9
YANIS_OTHER115
TONY_LY_OTHER69
MATHUSAN_OTHER171
GABIN_OTHER207
MATHUSAN_OTHER269
TONY_LY_OTHER14
YAGO_OTHER115
MATHUSAN_OTHER12
MATHUSAN_OTHER73
TONY_LY_OTHER235
GABIN_OTHER179
YAGO_OTHER27
GABIN_OTHER40
GABIN_OTHER241
YAGO_OTHER57
YANIS_OTHER212
MATHUSAN_OTHER22
YANIS_OTHER132
GABIN_OTHER213
YAGO_OTHER226
YANIS_OTHER77
YAGO_OTHER162
YAGO_OTHER133
TONY_LY_OTHER94
YANIS_OTHER26
GABIN_OTHER110
YAGO_OTHER164
YANIS_OTHER3
TONY_LY_OTHER272
GABIN_OTHER292
GABIN_OTHER143
YAGO_OTHER80
MATHUSAN_OTHER82
YANIS_OTHER46
YANIS_OTHER163
MATHUSAN_OTHER70
GABIN_OTHER239
TONY_LY_OTHER181
GABIN_OTHER210
YAGO_OTHER3
TONY_LY_OTHER210
TONY_LY_OTHER224
YAGO_OTHER201
GABIN_OTHER147
YANIS_OTHER200
YAGO_OTHER273
YAGO_OTHER194
MATHUSAN_OTHER155
TONY_LY_OTHER151
YAGO_OTHER173
MATHUSAN_OTHER90
YAGO_OTHER241
YANIS_OTHER20
GABIN_OTHER18
MATHUSAN_OTHER141
TONY_LY_OTHER222
TONY_LY_OTHER227
YANIS_OTHER199
TONY_LY_OTHER126
YAGO_OTHER153
MATHUSAN_OTHER169
TONY_LY_OTHER279
MATHUSAN_OTHER232
GABIN_OTHER162
YANIS_OTHER60
MATHUSAN_OTHER77
GABIN_OTHER78
YANIS_OTHER44
GABIN_OTHER24
YAGO_OTHER123
YAGO_OTHER225
YAGO_OTHER101
YANIS_OTHER118
YANIS_OTHER153
GABIN_OTHER209
GABIN_OTHER108
YAGO_OTHER184
YANIS_OTHER80
GABIN_OTHER202
YANIS_OTHER33
TONY_LY_OTHER185
MATHUSAN_OTHER15
MATHUSAN_OTHER68
MATHUSAN_OTHER264
YANIS_OTHER177
GABIN_OTHER262
GABIN_OTHER193
MATHUSAN_OTHER26
TONY_LY_OTHER38
YANIS_OTHER162
GABIN_OTHER181
MATHUSAN_OTHER163
YAGO_OTHER112
YAGO_OTHER296
YANIS_OTHER165
GABIN_OTHER224
TONY_LY_OTHER36
GABIN_OTHER240
MATHUSAN_OTHER140
YANIS_OTHER9
MATHUSAN_OTHER98
YAGO_OTHER217
GABIN_OTHER129
MATHUSAN_OTHER93
MATHUSAN_OTHER21
GABIN_OTHER291
MATHUSAN_OTHER206
YANIS_OTHER214
GABIN_OTHER203
TONY_LY_OTHER212
MATHUSAN_OTHER3
TONY_LY_OTHER48
YANIS_OTHER56
GABIN_OTHER194
TONY_LY_OTHER71
YANIS_OTHER2
GABIN_OTHER215
TONY_LY_OTHER237
GABIN_OTHER290
YANIS_OTHER21
MATHUSAN_OTHER9
YANIS_OTHER51
GABIN_OTHER187
TONY_LY_OTHER225
MATHUSAN_OTHER240
GABIN_OTHER101
GABIN_OTHER68
TONY_LY_OTHER74
GABIN_OTHER26
YAGO_OTHER136
YAGO_OTHER161
TONY_LY_OTHER103
GABIN_OTHER117
YAGO_OTHER114
TONY_LY_OTHER245
MATHUSAN_OTHER234
TONY_LY_OTHER10
GABIN_OTHER48
TONY_LY_OTHER70
TONY_LY_OTHER92
YANIS_OTHER119
YAGO_OTHER268
TONY_LY_OTHER68
MATHUSAN_OTHER166
YAGO_OTHER230
YANIS_OTHER174
YANIS_OTHER50
TONY_LY_OTHER215
YANIS_OTHER176
TONY_LY_OTHER252
GABIN_OTHER6
GABIN_OTHER216
GABIN_OTHER104
YANIS_OTHER211
MATHUSAN_OTHER94
GABIN_OTHER76
YAGO_OTHER135
MATHUSAN_OTHER235
GABIN_OTHER58
TONY_LY_OTHER76
YAGO_OTHER195
YAGO_OTHER25
GABIN_OTHER246
TONY_LY_OTHER128
YAGO_OTHER144
MATHUSAN_OTHER24
GABIN_OTHER113
GABIN_OTHER97
MATHUSAN_OTHER222
TONY_LY_OTHER189
YANIS_OTHER126
TONY_LY_OTHER11
YANIS_OTHER161
YAGO_OTHER245
YAGO_OTHER200
YAGO_OTHER29
MATHUSAN_OTHER23
YANIS_OTHER99
YAGO_OTHER255
GABIN_OTHER25
YAGO_OTHER120
TONY_LY_OTHER119
YAGO_OTHER295
YAGO_OTHER81
MATHUSAN_OTHER34
YAGO_OTHER171
YAGO_OTHER64
YANIS_OTHER157
YANIS_OTHER31
MATHUSAN_OTHER101
YAGO_OTHER62
TONY_LY_OTHER150
MATHUSAN_OTHER187
GABIN_OTHER288
TONY_LY_OTHER169
GABIN_OTHER74
TONY_LY_OTHER208
GABIN_OTHER37
YAGO_OTHER170
GABIN_OTHER123
MATHUSAN_OTHER91
TONY_LY_OTHER230
YAGO_OTHER212
GABIN_OTHER115
GABIN_OTHER118
GABIN_OTHER168
MATHUSAN_OTHER131
YAGO_OTHER240
YAGO_OTHER228
YAGO_OTHER160
GABIN_OTHER20
GABIN_OTHER9
GABIN_OTHER52
YANIS_OTHER16
TONY_LY_OTHER213
TONY_LY_OTHER104
GABIN_OTHER159
YANIS_OTHER188
YAGO_OTHER249
YANIS_OTHER127
GABIN_OTHER136
TONY_LY_OTHER8
MATHUSAN_OTHER254
MATHUSAN_OTHER106
YANIS_OTHER146
GABIN_OTHER60
YANIS_OTHER182
YAGO_OTHER202
TONY_LY_OTHER226
TONY_LY_OTHER25
TONY_LY_OTHER136
MATHUSAN_OTHER210
YAGO_OTHER49
YAGO_OTHER110
GABIN_OTHER256
YAGO_OTHER58
GABIN_OTHER103
YAGO_OTHER90
TONY_LY_OTHER250
YAGO_OTHER157
GABIN_OTHER297
YAGO_OTHER50
GABIN_OTHER186
YANIS_OTHER193
TONY_LY_OTHER35
YANIS_OTHER129
YAGO_OTHER199
GABIN_OTHER267
YAGO_OTHER269
MATHUSAN_OTHER259
YANIS_OTHER55
TONY_LY_OTHER41
GABIN_OTHER17
GABIN_OTHER167
TONY_LY_OTHER101
YAGO_OTHER289
YAGO_OTHER281
YAGO_OTHER196
TONY_LY_OTHER232
GABIN_OTHER93
MATHUSAN_OTHER161
GABIN_OTHER72
TONY_LY_OTHER170
TONY_LY_OTHER79
TONY_LY_OTHER137
MATHUSAN_OTHER67
YAGO_OTHER290
GABIN_OTHER35
GABIN_OTHER140
GABIN_OTHER198
MATHUSAN_OTHER205
GABIN_OTHER184
TONY_LY_OTHER246
YAGO_OTHER282
TONY_LY_OTHER261
TONY_LY_OTHER145
TONY_LY_OTHER115
YAGO_OTHER97
MATHUSAN_OTHER107
YANIS_OTHER209
TONY_LY_OTHER161
TONY_LY_OTHER196
GABIN_OTHER133
TONY_LY_OTHER23
GABIN_OTHER5
GABIN_OTHER296
YANIS_OTHER5
MATHUSAN_OTHER83
YAGO_OTHER61
TONY_LY_OTHER132
TONY_LY_OTHER26
GABIN_OTHER282
YANIS_OTHER109
YAGO_OTHER92
MATHUSAN_OTHER5
YAGO_OTHER107
YAGO_OTHER166
GABIN_OTHER266
YAGO_OTHER71
TONY_LY_OTHER194
TONY_LY_OTHER95
MATHUSAN_OTHER239
MATHUSAN_OTHER201
MATHUSAN_OTHER114
YAGO_OTHER218
YAGO_OTHER198
TONY_LY_OTHER174
MATHUSAN_OTHER158
YAGO_OTHER149
GABIN_OTHER276
TONY_LY_OTHER195
GABIN_OTHER1
TONY_LY_OTHER200
TONY_LY_OTHER91
TONY_LY_OTHER80
YAGO_OTHER297
GABIN_OTHER77
MATHUSAN_OTHER167
GABIN_OTHER206
GABIN_OTHER218
GABIN_OTHER195
YANIS_OTHER72
YANIS_OTHER116
YANIS_OTHER29
TONY_LY_OTHER273
GABIN_OTHER94
MATHUSAN_OTHER78
GABIN_OTHER116
TONY_LY_OTHER86
YANIS_OTHER203
YANIS_OTHER39
TONY_LY_OTHER260
YAGO_OTHER20
GABIN_OTHER161
YANIS_OTHER38
GABIN_OTHER53
GABIN_OTHER119
GABIN_OTHER64
YAGO_OTHER128
GABIN_OTHER238
TONY_LY_OTHER221
TONY_LY_OTHER220
GABIN_OTHER249
YANIS_OTHER37
YAGO_OTHER147
YAGO_OTHER293
YAGO_OTHER250
MATHUSAN_OTHER260
TONY_LY_OTHER84
MATHUSAN_OTHER27
YANIS_OTHER172
YANIS_OTHER64
TONY_LY_OTHER63
GABIN_OTHER257
GABIN_OTHER261
YANIS_OTHER191
YANIS_OTHER187
TONY_LY_OTHER218
YAGO_OTHER22
YANIS_OTHER159
GABIN_OTHER270
TONY_LY_OTHER156
TONY_LY_OTHER16
YAGO_OTHER277
YAGO_OTHER300
GABIN_OTHER128
YAGO_OTHER17
MATHUSAN_OTHER109
MATHUSAN_OTHER127
YAGO_OTHER40
YANIS_OTHER32
GABIN_OTHER211
TONY_LY_OTHER238
YAGO_OTHER8
YAGO_OTHER79
GABIN_OTHER130
TONY_LY_OTHER121
YAGO_OTHER109
YAGO_OTHER213
MATHUSAN_OTHER129
TONY_LY_OTHER186
YANIS_OTHER208
MATHUSAN_OTHER72
TONY_LY_OTHER244
GABIN_OTHER137
TONY_LY_OTHER55
YAGO_OTHER211
MATHUSAN_OTHER193
GABIN_OTHER50
YAGO_OTHER151
YANIS_OTHER198
TONY_LY_OTHER274
MATHUSAN_OTHER244
YAGO_OTHER148
YAGO_OTHER301
YAGO_OTHER34
TONY_LY_OTHER207
YAGO_OTHER167
MATHUSAN_OTHER247
TONY_LY_OTHER163
YAGO_OTHER224
GABIN_OTHER234
TONY_LY_OTHER172
TONY_LY_OTHER144
TONY_LY_OTHER54
MATHUSAN_OTHER69
GABIN_OTHER127
GABIN_OTHER70
YAGO_OTHER83
TONY_LY_OTHER192
TONY_LY_OTHER167
YAGO_OTHER91
MATHUSAN_OTHER160
YAGO_OTHER260
MATHUSAN_OTHER266
GABIN_OTHER54
GABIN_OTHER125
MATHUSAN_OTHER261
YAGO_OTHER159
YAGO_OTHER172
YANIS_OTHER94
MATHUSAN_OTHER62
MATHUSAN_OTHER168
TONY_LY_OTHER147
MATHUSAN_OTHER92
TONY_LY_OTHER205
YAGO_OTHER145
YANIS_OTHER73
MATHUSAN_OTHER153
GABIN_OTHER286
YAGO_OTHER44
YAGO_OTHER76
YANIS_OTHER108
MATHUSAN_OTHER137
GABIN_OTHER279
YAGO_OTHER146
YAGO_OTHER261
YAGO_OTHER31
TONY_LY_OTHER256
TONY_LY_OTHER249
GABIN_OTHER39
YAGO_OTHER116
YANIS_OTHER95
GABIN_OTHER254
YAGO_OTHER42
MATHUSAN_OTHER241
GABIN_OTHER230
YANIS_OTHER170
GABIN_OTHER190
YAGO_OTHER96
GABIN_OTHER271
YANIS_OTHER23
TONY_LY_OTHER277
YAGO_OTHER265
TONY_LY_OTHER110
MATHUSAN_OTHER216
MATHUSAN_OTHER159
TONY_LY_OTHER52
MATHUSAN_OTHER138
GABIN_OTHER264
MATHUSAN_OTHER192
GABIN_OTHER243
YAGO_OTHER104
GABIN_OTHER75
YAGO_OTHER152
GABIN_OTHER11
YANIS_OTHER134
MATHUSAN_OTHER218
YAGO_OTHER98
MATHUSAN_OTHER228
TONY_LY_OTHER53
MATHUSAN_OTHER226
MATHUSAN_OTHER76
GABIN_OTHER258
